// Jest Snapshot v1, https://goo.gl/fbAQLP

exports[`Button snapshot snapshots Should render correctly 1`] = `
<button
  0={
    {
      "size": "base",
      "variant": "primary",
    }
  }
  1={
    {
      "size": "lg",
      "variant": "primary",
    }
  }
  2={
    {
      "size": "base",
      "variant": "secondary",
    }
  }
  3={
    {
      "size": "lg",
      "variant": "secondary",
    }
  }
  4={
    {
      "size": "base",
      "variant": "ghost",
    }
  }
  5={
    {
      "size": "lg",
      "variant": "ghost",
    }
  }
  className="pui-btn pui-btn-primary pui-btn-base"
/>
`;
